≡ƒôû Reading debug data from: C:\Users\chawl\Desktop\PRESENT\Interhips\C4GT-The Apprentice Project\Deployment\saas2-prod\debug_render_data.json
≡ƒÄ¼ Starting direct render for: user_1773914603998_935nrxi9f_direct_test
≡ƒôé Assets (first 2): [
  {
    "path": "../public/batch_gen_1773914613568_0_54503.png",
    "type": "image",
    "start": 0,
    "end": 1.697959
  }
]
≡ƒöè Audio URL: ../public/audio_user_1773914603998_935nrxi9f.mp3
params  {
  user_video_id: 'user_1773914603998_935nrxi9f_direct_test',
  words: [
    { word: 'ai', start: 0, end: 0.372 },
    { word: 'is', start: 0.441, end: 0.569 },
    { word: 'dangerous', start: 0.627, end: 1.068 },
    { word: 'and', start: 1.115, end: 1.219 },
    { word: 'useful', start: 1.254, end: 1.672 }
  ],
  assets: [
    {
      path: '../public/batch_gen_1773914613568_0_54503.png',
      type: 'image',
      start: 0,
      end: 1.697959
    }
  ],
  options: {
    subtitles: true,
    wordsPerLine: 3,
    subtitleStyle: { fontSize: 60, highlightColor: '#FF0', normalColor: '#FFF' },
    logoUrl: 'logo.png',
    audioUrl: '../public/audio_user_1773914603998_935nrxi9f.mp3'
  }
}
prject file path is :  /C:/Users/chawl/Desktop/PRESENT/Interhips/C4GT-The Apprentice Project/Deployment/saas2-prod/revideo/p2_project.ts
Port 9000 is in use, trying another one...
Worker 0: JSHandle:i am in scene 2d
Worker 0: JSHandle:DEBUG: getWords Type:
Worker 0: JSHandle:function
Worker 0: JSHandle:Value (stringified):
Worker 0: JSHandle:"[{\"word\":\"ai\",\"start\":0,\"end\":0.372},{\"word\":\"is\",\"start\":0.441,\"end\":0.569},{\"word\":\"dangerous\",\"start\":0.627,\"end\":1.068},{\"word\":\"and\",\"start\":1.115,\"end\":1.219},{\"word\":\"useful\",\"start\":1.254,\"end\":1.672}]"
Worker 0: JSHandle:DEBUG: getAssets Type:
Worker 0: JSHandle:function
Worker 0: JSHandle:Value (stringified):
Worker 0: JSHandle:"[{\"path\":\"../public/batch_gen_1773914613568_0_54503.png\",\"type\":\"image\",\"start\":0,\"end\":1.697959}]"
Worker 0: JSHandle:DEBUG: getOptions Type:
Worker 0: JSHandle:function
Worker 0: JSHandle:Value (stringified):
Worker 0: JSHandle:"{\"subtitles\":true,\"wordsPerLine\":3,\"subtitleStyle\":{\"fontSize\":60,\"highlightColor\":\"#FF0\",\"normalColor\":\"#FFF\"},\"logoUrl\":\"logo.png\",\"audioUrl\":\"../public/audio_user_1773914603998_935nrxi9f.mp3\"}"
Worker 0: JSHandle:[Worker ?] Options:
Worker 0: JSHandle:{"subtitles":true,"wordsPerLine":3,"subtitleStyle":{"fontSize":60,"highlightColor":"#FF0","normalColor":"#FFF"},"logoUrl":"logo.png","audioUrl":"../public/audio_user_1773914603998_935nrxi9f.mp3"}
Worker 0: JSHandle:[Worker ?] Audio URL:
Worker 0: JSHandle:../public/audio_user_1773914603998_935nrxi9f.mp3
Worker 0: JSHandle:[Worker ?] Logo URL:
Worker 0: JSHandle:logo.png
Worker 0: JSHandle:DEBUG: words Type (after parse):
Worker 0: JSHandle:array
Worker 0: JSHandle:DEBUG: assets Type (after parse):
Worker 0: JSHandle:array
Worker 0: JSHandle:DEBUG: options Type (after parse):
Worker 0: JSHandle:object
Worker 0: JSHandle:Keys:
Worker 0: JSHandle@array
Worker 0: JSHandle:≡ƒæñ username:
Worker 0: JSHandle:user_1773914603998_935nrxi9f_direct_test
Worker 0: JSHandle:≡ƒô¥ words:
Worker 0: JSHandle@array
Worker 0: JSHandle:≡ƒû╝∩╕Å assets:
Worker 0: JSHandle@array
Worker 0: JSHandle:ΓÜÖ∩╕Å options:
Worker 0: JSHandle@object
Worker 0: JSHandle:Adding logo with src:
Worker 0: JSHandle:logo.png
Worker 0: JSHandle:Adding audio with src:
Worker 0: JSHandle:../public/audio_user_1773914603998_935nrxi9f.mp3
Worker 0: JSHandle:Adding image asset with src:
Worker 0: JSHandle:../public/batch_gen_1773914613568_0_54503.png
Worker 0: JSHandle:Measuring text: "ai" with font: 700 56px Lohit Devanagari, Samyak Devanagari, Roboto, Arial, sans-serif, 46.703125
Worker 0: JSHandle:Measuring text: "is" with font: 700 56px Lohit Devanagari, Samyak Devanagari, Roboto, Arial, sans-serif, 46.703125
Worker 0: JSHandle:Measuring text: "dangerous" with font: 700 56px Lohit Devanagari, Samyak Devanagari, Roboto, Arial, sans-serif, 286.26171875
node.exe : [33mfiles in the 
public directory are served at 
the root path.
At line:1 char:1
+ & "C:\nvm4w\nodejs/node.exe" "C:
\nvm4w\nodejs/node_modules/npm/bin
/np ...
+ ~~~~~~~~~~~~~~~~~~~~~~~~~~~~~~~~
~~~~~~~~~~~~~~~~~~~~~~~~~~~~~~~~~~
~~~
    + CategoryInfo          : Not 
   Specified: ([33mfiles in t..  
  . the root path.:String) [],    
 RemoteException
    + FullyQualifiedErrorId : Nat 
   iveCommandError
 
Instead of [36m/public/audio_user
_1773914603998_935nrxi9f.mp3[33m,
 use [36m/audio_user_177391460399
8_935nrxi9f.mp3[33m.[39m
Worker 0: JSHandle:warning from browser process:
Worker 0: JSHandle:Tried to access an asynchronous property before the node was ready. Make sure to yield the node before accessing the property.
Worker 0: JSHandle:Measuring text: "ai" with font: 700 56px Lohit Devanagari, Samyak Devanagari, Roboto, Arial, sans-serif, 46.703125
Worker 0: JSHandle:Measuring text: "is" with font: 700 56px Lohit Devanagari, Samyak Devanagari, Roboto, Arial, sans-serif, 46.703125
Worker 0: JSHandle:Measuring text: "dangerous" with font: 700 56px Lohit Devanagari, Samyak Devanagari, Roboto, Arial, sans-serif, 286.26171875
Worker 0: JSHandle:Measuring text: "ai" with font: 700 56px Lohit Devanagari, Samyak Devanagari, Roboto, Arial, sans-serif, 46.703125
Worker 0: JSHandle:Measuring text: "is" with font: 700 56px Lohit Devanagari, Samyak Devanagari, Roboto, Arial, sans-serif, 46.703125
Worker 0: JSHandle:Measuring text: "dangerous" with font: 700 56px Lohit Devanagari, Samyak Devanagari, Roboto, Arial, sans-serif, 286.26171875
Worker 0: JSHandle:Measuring text: "and" with font: 700 56px Lohit Devanagari, Samyak Devanagari, Roboto, Arial, sans-serif, 99.55859375
Worker 0: JSHandle:Measuring text: "useful" with font: 700 56px Lohit Devanagari, Samyak Devanagari, Roboto, Arial, sans-serif, 164.91015625
Worker 0: JSHandle:Measuring text: "and" with font: 700 56px Lohit Devanagari, Samyak Devanagari, Roboto, Arial, sans-serif, 99.55859375
Worker 0: JSHandle:Measuring text: "useful" with font: 700 56px Lohit Devanagari, Samyak Devanagari, Roboto, Arial, sans-serif, 164.91015625
Worker 0: JSHandle:i am in scene 2d
Worker 0: JSHandle:DEBUG: getWords Type:
Worker 0: JSHandle:function
Worker 0: JSHandle:Value (stringified):
Worker 0: JSHandle:"[{\"word\":\"ai\",\"start\":0,\"end\":0.372},{\"word\":\"is\",\"start\":0.441,\"end\":0.569},{\"word\":\"dangerous\",\"start\":0.627,\"end\":1.068},{\"word\":\"and\",\"start\":1.115,\"end\":1.219},{\"word\":\"useful\",\"start\":1.254,\"end\":1.672}]"
Worker 0: JSHandle:DEBUG: getAssets Type:
Worker 0: JSHandle:function
Worker 0: JSHandle:Value (stringified):
Worker 0: JSHandle:"[{\"path\":\"../public/batch_gen_1773914613568_0_54503.png\",\"type\":\"image\",\"start\":0,\"end\":1.697959}]"
Worker 0: JSHandle:DEBUG: getOptions Type:
Worker 0: JSHandle:function
Worker 0: JSHandle:Value (stringified):
Worker 0: JSHandle:"{\"subtitles\":true,\"wordsPerLine\":3,\"subtitleStyle\":{\"fontSize\":60,\"highlightColor\":\"#FF0\",\"normalColor\":\"#FFF\"},\"logoUrl\":\"logo.png\",\"audioUrl\":\"../public/audio_user_1773914603998_935nrxi9f.mp3\"}"
Worker 0: JSHandle:[Worker ?] Options:
Worker 0: JSHandle:{"subtitles":true,"wordsPerLine":3,"subtitleStyle":{"fontSize":60,"highlightColor":"#FF0","normalColor":"#FFF"},"logoUrl":"logo.png","audioUrl":"../public/audio_user_1773914603998_935nrxi9f.mp3"}
Worker 0: JSHandle:[Worker ?] Audio URL:
Worker 0: JSHandle:../public/audio_user_1773914603998_935nrxi9f.mp3
Worker 0: JSHandle:[Worker ?] Logo URL:
Worker 0: JSHandle:logo.png
Worker 0: JSHandle:DEBUG: words Type (after parse):
Worker 0: JSHandle:array
Worker 0: JSHandle:DEBUG: assets Type (after parse):
Worker 0: JSHandle:array
Worker 0: JSHandle:DEBUG: options Type (after parse):
Worker 0: JSHandle:object
Worker 0: JSHandle:Keys:
Worker 0: JSHandle@array
Worker 0: JSHandle:≡ƒæñ username:
Worker 0: JSHandle:user_1773914603998_935nrxi9f_direct_test
Worker 0: JSHandle:≡ƒô¥ words:
Worker 0: JSHandle@array
Worker 0: JSHandle:≡ƒû╝∩╕Å assets:
Worker 0: JSHandle@array
Worker 0: JSHandle:ΓÜÖ∩╕Å options:
Worker 0: JSHandle@object
Worker 0: JSHandle:Adding logo with src:
Worker 0: JSHandle:logo.png
Worker 0: JSHandle:Adding audio with src:
Worker 0: JSHandle:../public/audio_user_1773914603998_935nrxi9f.mp3
Worker 0: JSHandle:Adding image asset with src:
Worker 0: JSHandle:../public/batch_gen_1773914613568_0_54503.png
Worker 0: JSHandle:Measuring text: "ai" with font: 700 56px Lohit Devanagari, Samyak Devanagari, Roboto, Arial, sans-serif, 46.703125
Worker 0: JSHandle:Measuring text: "is" with font: 700 56px Lohit Devanagari, Samyak Devanagari, Roboto, Arial, sans-serif, 46.703125
Worker 0: JSHandle:Measuring text: "dangerous" with font: 700 56px Lohit Devanagari, Samyak Devanagari, Roboto, Arial, sans-serif, 286.26171875
Worker 0: JSHandle:i am in scene 2d
Worker 0: JSHandle:DEBUG: getWords Type:
Worker 0: JSHandle:function
Worker 0: JSHandle:Value (stringified):
Worker 0: JSHandle:"[{\"word\":\"ai\",\"start\":0,\"end\":0.372},{\"word\":\"is\",\"start\":0.441,\"end\":0.569},{\"word\":\"dangerous\",\"start\":0.627,\"end\":1.068},{\"word\":\"and\",\"start\":1.115,\"end\":1.219},{\"word\":\"useful\",\"start\":1.254,\"end\":1.672}]"
Worker 0: JSHandle:DEBUG: getAssets Type:
Worker 0: JSHandle:function
Worker 0: JSHandle:Value (stringified):
Worker 0: JSHandle:"[{\"path\":\"../public/batch_gen_1773914613568_0_54503.png\",\"type\":\"image\",\"start\":0,\"end\":1.697959}]"
Worker 0: JSHandle:DEBUG: getOptions Type:
Worker 0: JSHandle:function
Worker 0: JSHandle:Value (stringified):
Worker 0: JSHandle:"{\"subtitles\":true,\"wordsPerLine\":3,\"subtitleStyle\":{\"fontSize\":60,\"highlightColor\":\"#FF0\",\"normalColor\":\"#FFF\"},\"logoUrl\":\"logo.png\",\"audioUrl\":\"../public/audio_user_1773914603998_935nrxi9f.mp3\"}"
Worker 0: JSHandle:[Worker ?] Options:
Worker 0: JSHandle:{"subtitles":true,"wordsPerLine":3,"subtitleStyle":{"fontSize":60,"highlightColor":"#FF0","normalColor":"#FFF"},"logoUrl":"logo.png","audioUrl":"../public/audio_user_1773914603998_935nrxi9f.mp3"}
Worker 0: JSHandle:[Worker ?] Audio URL:
Worker 0: JSHandle:../public/audio_user_1773914603998_935nrxi9f.mp3
Worker 0: JSHandle:[Worker ?] Logo URL:
Worker 0: JSHandle:logo.png
Worker 0: JSHandle:DEBUG: words Type (after parse):
Worker 0: JSHandle:array
Worker 0: JSHandle:DEBUG: assets Type (after parse):
Worker 0: JSHandle:array
Worker 0: JSHandle:DEBUG: options Type (after parse):
Worker 0: JSHandle:object
Worker 0: JSHandle:Keys:
Worker 0: JSHandle@array
Worker 0: JSHandle:≡ƒæñ username:
Worker 0: JSHandle:user_1773914603998_935nrxi9f_direct_test
Worker 0: JSHandle:≡ƒô¥ words:
Worker 0: JSHandle@array
Worker 0: JSHandle:≡ƒû╝∩╕Å assets:
Worker 0: JSHandle@array
Worker 0: JSHandle:ΓÜÖ∩╕Å options:
Worker 0: JSHandle@object
Worker 0: JSHandle:Adding logo with src:
Worker 0: JSHandle:logo.png
Worker 0: JSHandle:Adding audio with src:
Worker 0: JSHandle:../public/audio_user_1773914603998_935nrxi9f.mp3
Worker 0: JSHandle:Adding image asset with src:
Worker 0: JSHandle:../public/batch_gen_1773914613568_0_54503.png
Worker 0: JSHandle:Measuring text: "ai" with font: 700 56px Lohit Devanagari, Samyak Devanagari, Roboto, Arial, sans-serif, 46.703125
Worker 0: JSHandle:Measuring text: "is" with font: 700 56px Lohit Devanagari, Samyak Devanagari, Roboto, Arial, sans-serif, 46.703125
Worker 0: JSHandle:Measuring text: "dangerous" with font: 700 56px Lohit Devanagari, Samyak Devanagari, Roboto, Arial, sans-serif, 286.26171875
Worker 0: JSHandle:Measuring text: "ai" with font: 700 56px Lohit Devanagari, Samyak Devanagari, Roboto, Arial, sans-serif, 46.703125
Worker 0: JSHandle:Measuring text: "is" with font: 700 56px Lohit Devanagari, Samyak Devanagari, Roboto, Arial, sans-serif, 46.703125
Worker 0: JSHandle:Measuring text: "dangerous" with font: 700 56px Lohit Devanagari, Samyak Devanagari, Roboto, Arial, sans-serif, 286.26171875
Worker 0: JSHandle:Measuring text: "ai" with font: 700 56px Lohit Devanagari, Samyak Devanagari, Roboto, Arial, sans-serif, 46.703125
Worker 0: JSHandle:Measuring text: "is" with font: 700 56px Lohit Devanagari, Samyak Devanagari, Roboto, Arial, sans-serif, 46.703125
Worker 0: JSHandle:Measuring text: "dangerous" with font: 700 56px Lohit Devanagari, Samyak Devanagari, Roboto, Arial, sans-serif, 286.26171875
Worker 0: JSHandle:Measuring text: "and" with font: 700 56px Lohit Devanagari, Samyak Devanagari, Roboto, Arial, sans-serif, 99.55859375
Worker 0: JSHandle:Measuring text: "useful" with font: 700 56px Lohit Devanagari, Samyak Devanagari, Roboto, Arial, sans-serif, 164.91015625
Worker 0: JSHandle:Measuring text: "and" with font: 700 56px Lohit Devanagari, Samyak Devanagari, Roboto, Arial, sans-serif, 99.55859375
Worker 0: JSHandle:Measuring text: "useful" with font: 700 56px Lohit Devanagari, Samyak Devanagari, Roboto, Arial, sans-serif, 164.91015625
Worker 0: JSHandle:i am in scene 2d
Worker 0: JSHandle:DEBUG: getWords Type:
Worker 0: JSHandle:function
Worker 0: JSHandle:Value (stringified):
Worker 0: JSHandle:"[{\"word\":\"ai\",\"start\":0,\"end\":0.372},{\"word\":\"is\",\"start\":0.441,\"end\":0.569},{\"word\":\"dangerous\",\"start\":0.627,\"end\":1.068},{\"word\":\"and\",\"start\":1.115,\"end\":1.219},{\"word\":\"useful\",\"start\":1.254,\"end\":1.672}]"
Worker 0: JSHandle:DEBUG: getAssets Type:
Worker 0: JSHandle:function
Worker 0: JSHandle:Value (stringified):
Worker 0: JSHandle:"[{\"path\":\"../public/batch_gen_1773914613568_0_54503.png\",\"type\":\"image\",\"start\":0,\"end\":1.697959}]"
Worker 0: JSHandle:DEBUG: getOptions Type:
Worker 0: JSHandle:function
Worker 0: JSHandle:Value (stringified):
Worker 0: JSHandle:"{\"subtitles\":true,\"wordsPerLine\":3,\"subtitleStyle\":{\"fontSize\":60,\"highlightColor\":\"#FF0\",\"normalColor\":\"#FFF\"},\"logoUrl\":\"logo.png\",\"audioUrl\":\"../public/audio_user_1773914603998_935nrxi9f.mp3\"}"
Worker 0: JSHandle:[Worker ?] Options:
Worker 0: JSHandle:{"subtitles":true,"wordsPerLine":3,"subtitleStyle":{"fontSize":60,"highlightColor":"#FF0","normalColor":"#FFF"},"logoUrl":"logo.png","audioUrl":"../public/audio_user_1773914603998_935nrxi9f.mp3"}
Worker 0: JSHandle:[Worker ?] Audio URL:
Worker 0: JSHandle:../public/audio_user_1773914603998_935nrxi9f.mp3
Worker 0: JSHandle:[Worker ?] Logo URL:
Worker 0: JSHandle:logo.png
Worker 0: JSHandle:DEBUG: words Type (after parse):
Worker 0: JSHandle:array
Worker 0: JSHandle:DEBUG: assets Type (after parse):
Worker 0: JSHandle:array
Worker 0: JSHandle:DEBUG: options Type (after parse):
Worker 0: JSHandle:object
Worker 0: JSHandle:Keys:
Worker 0: JSHandle@array
Worker 0: JSHandle:≡ƒæñ username:
Worker 0: JSHandle:user_1773914603998_935nrxi9f_direct_test
Worker 0: JSHandle:≡ƒô¥ words:
Worker 0: JSHandle@array
Worker 0: JSHandle:≡ƒû╝∩╕Å assets:
Worker 0: JSHandle@array
Worker 0: JSHandle:ΓÜÖ∩╕Å options:
Worker 0: JSHandle@object
Worker 0: JSHandle:Adding logo with src:
Worker 0: JSHandle:logo.png
Worker 0: JSHandle:Adding audio with src:
Worker 0: JSHandle:../public/audio_user_1773914603998_935nrxi9f.mp3
Worker 0: JSHandle:Adding image asset with src:
Worker 0: JSHandle:../public/batch_gen_1773914613568_0_54503.png
Worker 0: JSHandle:Measuring text: "ai" with font: 700 56px Lohit Devanagari, Samyak Devanagari, Roboto, Arial, sans-serif, 46.703125
Worker 0: JSHandle:Measuring text: "is" with font: 700 56px Lohit Devanagari, Samyak Devanagari, Roboto, Arial, sans-serif, 46.703125
Worker 0: JSHandle:Measuring text: "dangerous" with font: 700 56px Lohit Devanagari, Samyak Devanagari, Roboto, Arial, sans-serif, 286.26171875
Worker 0: JSHandle:i am in scene 2d
Worker 0: JSHandle:DEBUG: getWords Type:
Worker 0: JSHandle:function
Worker 0: JSHandle:Value (stringified):
Worker 0: JSHandle:"[{\"word\":\"ai\",\"start\":0,\"end\":0.372},{\"word\":\"is\",\"start\":0.441,\"end\":0.569},{\"word\":\"dangerous\",\"start\":0.627,\"end\":1.068},{\"word\":\"and\",\"start\":1.115,\"end\":1.219},{\"word\":\"useful\",\"start\":1.254,\"end\":1.672}]"
Worker 0: JSHandle:DEBUG: getAssets Type:
Worker 0: JSHandle:function
Worker 0: JSHandle:Value (stringified):
Worker 0: JSHandle:"[{\"path\":\"../public/batch_gen_1773914613568_0_54503.png\",\"type\":\"image\",\"start\":0,\"end\":1.697959}]"
Worker 0: JSHandle:DEBUG: getOptions Type:
Worker 0: JSHandle:function
Worker 0: JSHandle:Value (stringified):
Worker 0: JSHandle:"{\"subtitles\":true,\"wordsPerLine\":3,\"subtitleStyle\":{\"fontSize\":60,\"highlightColor\":\"#FF0\",\"normalColor\":\"#FFF\"},\"logoUrl\":\"logo.png\",\"audioUrl\":\"../public/audio_user_1773914603998_935nrxi9f.mp3\"}"
Worker 0: JSHandle:[Worker ?] Options:
Worker 0: JSHandle:{"subtitles":true,"wordsPerLine":3,"subtitleStyle":{"fontSize":60,"highlightColor":"#FF0","normalColor":"#FFF"},"logoUrl":"logo.png","audioUrl":"../public/audio_user_1773914603998_935nrxi9f.mp3"}
Worker 0: JSHandle:[Worker ?] Audio URL:
Worker 0: JSHandle:../public/audio_user_1773914603998_935nrxi9f.mp3
Worker 0: JSHandle:[Worker ?] Logo URL:
Worker 0: JSHandle:logo.png
Worker 0: JSHandle:DEBUG: words Type (after parse):
Worker 0: JSHandle:array
Worker 0: JSHandle:DEBUG: assets Type (after parse):
Worker 0: JSHandle:array
Worker 0: JSHandle:DEBUG: options Type (after parse):
Worker 0: JSHandle:object
Worker 0: JSHandle:Keys:
Worker 0: JSHandle@array
Worker 0: JSHandle:≡ƒæñ username:
Worker 0: JSHandle:user_1773914603998_935nrxi9f_direct_test
Worker 0: JSHandle:≡ƒô¥ words:
Worker 0: JSHandle@array
Worker 0: JSHandle:≡ƒû╝∩╕Å assets:
Worker 0: JSHandle@array
Worker 0: JSHandle:ΓÜÖ∩╕Å options:
Worker 0: JSHandle@object
Worker 0: JSHandle:Adding logo with src:
Worker 0: JSHandle:logo.png
Worker 0: JSHandle:Adding audio with src:
Worker 0: JSHandle:../public/audio_user_1773914603998_935nrxi9f.mp3
Worker 0: JSHandle:Adding image asset with src:
Worker 0: JSHandle:../public/batch_gen_1773914613568_0_54503.png
Worker 0: JSHandle:Measuring text: "ai" with font: 700 56px Lohit Devanagari, Samyak Devanagari, Roboto, Arial, sans-serif, 46.703125
Worker 0: JSHandle:Measuring text: "is" with font: 700 56px Lohit Devanagari, Samyak Devanagari, Roboto, Arial, sans-serif, 46.703125
Worker 0: JSHandle:Measuring text: "dangerous" with font: 700 56px Lohit Devanagari, Samyak Devanagari, Roboto, Arial, sans-serif, 286.26171875
Worker 0: JSHandle:i am in scene 2d
Worker 0: JSHandle:DEBUG: getWords Type:
Worker 0: JSHandle:function
Worker 0: JSHandle:Value (stringified):
Worker 0: JSHandle:"[{\"word\":\"ai\",\"start\":0,\"end\":0.372},{\"word\":\"is\",\"start\":0.441,\"end\":0.569},{\"word\":\"dangerous\",\"start\":0.627,\"end\":1.068},{\"word\":\"and\",\"start\":1.115,\"end\":1.219},{\"word\":\"useful\",\"start\":1.254,\"end\":1.672}]"
Worker 0: JSHandle:DEBUG: getAssets Type:
Worker 0: JSHandle:function
Worker 0: JSHandle:Value (stringified):
Worker 0: JSHandle:"[{\"path\":\"../public/batch_gen_1773914613568_0_54503.png\",\"type\":\"image\",\"start\":0,\"end\":1.697959}]"
Worker 0: JSHandle:DEBUG: getOptions Type:
Worker 0: JSHandle:function
Worker 0: JSHandle:Value (stringified):
Worker 0: JSHandle:"{\"subtitles\":true,\"wordsPerLine\":3,\"subtitleStyle\":{\"fontSize\":60,\"highlightColor\":\"#FF0\",\"normalColor\":\"#FFF\"},\"logoUrl\":\"logo.png\",\"audioUrl\":\"../public/audio_user_1773914603998_935nrxi9f.mp3\"}"
Worker 0: JSHandle:[Worker ?] Options:
Worker 0: JSHandle:{"subtitles":true,"wordsPerLine":3,"subtitleStyle":{"fontSize":60,"highlightColor":"#FF0","normalColor":"#FFF"},"logoUrl":"logo.png","audioUrl":"../public/audio_user_1773914603998_935nrxi9f.mp3"}
Worker 0: JSHandle:[Worker ?] Audio URL:
Worker 0: JSHandle:../public/audio_user_1773914603998_935nrxi9f.mp3
Worker 0: JSHandle:[Worker ?] Logo URL:
Worker 0: JSHandle:logo.png
Worker 0: JSHandle:DEBUG: words Type (after parse):
Worker 0: JSHandle:array
Worker 0: JSHandle:DEBUG: assets Type (after parse):
Worker 0: JSHandle:array
Worker 0: JSHandle:DEBUG: options Type (after parse):
Worker 0: JSHandle:object
Worker 0: JSHandle:Keys:
Worker 0: JSHandle@array
Worker 0: JSHandle:≡ƒæñ username:
Worker 0: JSHandle:user_1773914603998_935nrxi9f_direct_test
Worker 0: JSHandle:≡ƒô¥ words:
Worker 0: JSHandle@array
Worker 0: JSHandle:≡ƒû╝∩╕Å assets:
Worker 0: JSHandle@array
Worker 0: JSHandle:ΓÜÖ∩╕Å options:
Worker 0: JSHandle@object
Worker 0: JSHandle:Adding logo with src:
Worker 0: JSHandle:logo.png
Worker 0: JSHandle:Adding audio with src:
Worker 0: JSHandle:../public/audio_user_1773914603998_935nrxi9f.mp3
Worker 0: JSHandle:Adding image asset with src:
Worker 0: JSHandle:../public/batch_gen_1773914613568_0_54503.png
Worker 0: JSHandle:Measuring text: "ai" with font: 700 56px Lohit Devanagari, Samyak Devanagari, Roboto, Arial, sans-serif, 46.703125
Worker 0: JSHandle:Measuring text: "is" with font: 700 56px Lohit Devanagari, Samyak Devanagari, Roboto, Arial, sans-serif, 46.703125
Worker 0: JSHandle:Measuring text: "dangerous" with font: 700 56px Lohit Devanagari, Samyak Devanagari, Roboto, Arial, sans-serif, 286.26171875
Worker 0: JSHandle:Measuring text: "ai" with font: 700 56px Lohit Devanagari, Samyak Devanagari, Roboto, Arial, sans-serif, 46.703125
Worker 0: JSHandle:Measuring text: "is" with font: 700 56px Lohit Devanagari, Samyak Devanagari, Roboto, Arial, sans-serif, 46.703125
Worker 0: JSHandle:Measuring text: "dangerous" with font: 700 56px Lohit Devanagari, Samyak Devanagari, Roboto, Arial, sans-serif, 286.26171875
Worker 0: JSHandle:Measuring text: "ai" with font: 700 56px Lohit Devanagari, Samyak Devanagari, Roboto, Arial, sans-serif, 46.703125
Worker 0: JSHandle:Measuring text: "is" with font: 700 56px Lohit Devanagari, Samyak Devanagari, Roboto, Arial, sans-serif, 46.703125
Worker 0: JSHandle:Measuring text: "dangerous" with font: 700 56px Lohit Devanagari, Samyak Devanagari, Roboto, Arial, sans-serif, 286.26171875
Worker 0: JSHandle:Measuring text: "and" with font: 700 56px Lohit Devanagari, Samyak Devanagari, Roboto, Arial, sans-serif, 99.55859375
Worker 0: JSHandle:Measuring text: "useful" with font: 700 56px Lohit Devanagari, Samyak Devanagari, Roboto, Arial, sans-serif, 164.91015625
Worker 0: JSHandle:Measuring text: "and" with font: 700 56px Lohit Devanagari, Samyak Devanagari, Roboto, Arial, sans-serif, 99.55859375
Worker 0: JSHandle:Measuring text: "useful" with font: 700 56px Lohit Devanagari, Samyak Devanagari, Roboto, Arial, sans-serif, 164.91015625
Worker 0: JSHandle:i am in scene 2d
Worker 0: JSHandle:DEBUG: getWords Type:
Worker 0: JSHandle:function
Worker 0: JSHandle:Value (stringified):
Worker 0: JSHandle:"[{\"word\":\"ai\",\"start\":0,\"end\":0.372},{\"word\":\"is\",\"start\":0.441,\"end\":0.569},{\"word\":\"dangerous\",\"start\":0.627,\"end\":1.068},{\"word\":\"and\",\"start\":1.115,\"end\":1.219},{\"word\":\"useful\",\"start\":1.254,\"end\":1.672}]"
Worker 0: JSHandle:DEBUG: getAssets Type:
Worker 0: JSHandle:function
Worker 0: JSHandle:Value (stringified):
Worker 0: JSHandle:"[{\"path\":\"../public/batch_gen_1773914613568_0_54503.png\",\"type\":\"image\",\"start\":0,\"end\":1.697959}]"
Worker 0: JSHandle:DEBUG: getOptions Type:
Worker 0: JSHandle:function
Worker 0: JSHandle:Value (stringified):
Worker 0: JSHandle:"{\"subtitles\":true,\"wordsPerLine\":3,\"subtitleStyle\":{\"fontSize\":60,\"highlightColor\":\"#FF0\",\"normalColor\":\"#FFF\"},\"logoUrl\":\"logo.png\",\"audioUrl\":\"../public/audio_user_1773914603998_935nrxi9f.mp3\"}"
Worker 0: JSHandle:[Worker ?] Options:
Worker 0: JSHandle:{"subtitles":true,"wordsPerLine":3,"subtitleStyle":{"fontSize":60,"highlightColor":"#FF0","normalColor":"#FFF"},"logoUrl":"logo.png","audioUrl":"../public/audio_user_1773914603998_935nrxi9f.mp3"}
Worker 0: JSHandle:[Worker ?] Audio URL:
Worker 0: JSHandle:../public/audio_user_1773914603998_935nrxi9f.mp3
Worker 0: JSHandle:[Worker ?] Logo URL:
Worker 0: JSHandle:logo.png
Worker 0: JSHandle:DEBUG: words Type (after parse):
Worker 0: JSHandle:array
Worker 0: JSHandle:DEBUG: assets Type (after parse):
Worker 0: JSHandle:array
Worker 0: JSHandle:DEBUG: options Type (after parse):
Worker 0: JSHandle:object
Worker 0: JSHandle:Keys:
Worker 0: JSHandle@array
Worker 0: JSHandle:≡ƒæñ username:
Worker 0: JSHandle:user_1773914603998_935nrxi9f_direct_test
Worker 0: JSHandle:≡ƒô¥ words:
Worker 0: JSHandle@array
Worker 0: JSHandle:≡ƒû╝∩╕Å assets:
Worker 0: JSHandle@array
Worker 0: JSHandle:ΓÜÖ∩╕Å options:
Worker 0: JSHandle@object
Worker 0: JSHandle:Adding logo with src:
Worker 0: JSHandle:logo.png
Worker 0: JSHandle:Adding audio with src:
Worker 0: JSHandle:../public/audio_user_1773914603998_935nrxi9f.mp3
Worker 0: JSHandle:Adding image asset with src:
Worker 0: JSHandle:../public/batch_gen_1773914613568_0_54503.png
Worker 0: JSHandle:Measuring text: "ai" with font: 700 56px Lohit Devanagari, Samyak Devanagari, Roboto, Arial, sans-serif, 46.703125
Worker 0: JSHandle:Measuring text: "is" with font: 700 56px Lohit Devanagari, Samyak Devanagari, Roboto, Arial, sans-serif, 46.703125
Worker 0: JSHandle:Measuring text: "dangerous" with font: 700 56px Lohit Devanagari, Samyak Devanagari, Roboto, Arial, sans-serif, 286.26171875
Worker 0: JSHandle:i am in scene 2d
Worker 0: JSHandle:DEBUG: getWords Type:
Worker 0: JSHandle:function
Worker 0: JSHandle:Value (stringified):
Worker 0: JSHandle:"[{\"word\":\"ai\",\"start\":0,\"end\":0.372},{\"word\":\"is\",\"start\":0.441,\"end\":0.569},{\"word\":\"dangerous\",\"start\":0.627,\"end\":1.068},{\"word\":\"and\",\"start\":1.115,\"end\":1.219},{\"word\":\"useful\",\"start\":1.254,\"end\":1.672}]"
Worker 0: JSHandle:DEBUG: getAssets Type:
Worker 0: JSHandle:function
Worker 0: JSHandle:Value (stringified):
Worker 0: JSHandle:"[{\"path\":\"../public/batch_gen_1773914613568_0_54503.png\",\"type\":\"image\",\"start\":0,\"end\":1.697959}]"
Worker 0: JSHandle:DEBUG: getOptions Type:
Worker 0: JSHandle:function
Worker 0: JSHandle:Value (stringified):
Worker 0: JSHandle:"{\"subtitles\":true,\"wordsPerLine\":3,\"subtitleStyle\":{\"fontSize\":60,\"highlightColor\":\"#FF0\",\"normalColor\":\"#FFF\"},\"logoUrl\":\"logo.png\",\"audioUrl\":\"../public/audio_user_1773914603998_935nrxi9f.mp3\"}"
Worker 0: JSHandle:[Worker ?] Options:
Worker 0: JSHandle:{"subtitles":true,"wordsPerLine":3,"subtitleStyle":{"fontSize":60,"highlightColor":"#FF0","normalColor":"#FFF"},"logoUrl":"logo.png","audioUrl":"../public/audio_user_1773914603998_935nrxi9f.mp3"}
Worker 0: JSHandle:[Worker ?] Audio URL:
Worker 0: JSHandle:../public/audio_user_1773914603998_935nrxi9f.mp3
Worker 0: JSHandle:[Worker ?] Logo URL:
Worker 0: JSHandle:logo.png
Worker 0: JSHandle:DEBUG: words Type (after parse):
Worker 0: JSHandle:array
Worker 0: JSHandle:DEBUG: assets Type (after parse):
Worker 0: JSHandle:array
Worker 0: JSHandle:DEBUG: options Type (after parse):
Worker 0: JSHandle:object
Worker 0: JSHandle:Keys:
Worker 0: JSHandle@array
Worker 0: JSHandle:≡ƒæñ username:
Worker 0: JSHandle:user_1773914603998_935nrxi9f_direct_test
Worker 0: JSHandle:≡ƒô¥ words:
Worker 0: JSHandle@array
Worker 0: JSHandle:≡ƒû╝∩╕Å assets:
Worker 0: JSHandle@array
Worker 0: JSHandle:ΓÜÖ∩╕Å options:
Worker 0: JSHandle@object
Worker 0: JSHandle:Adding logo with src:
Worker 0: JSHandle:logo.png
Worker 0: JSHandle:Adding audio with src:
Worker 0: JSHandle:../public/audio_user_1773914603998_935nrxi9f.mp3
Worker 0: JSHandle:Adding image asset with src:
Worker 0: JSHandle:../public/batch_gen_1773914613568_0_54503.png
Worker 0: JSHandle:Measuring text: "ai" with font: 700 56px Lohit Devanagari, Samyak Devanagari, Roboto, Arial, sans-serif, 46.703125
Worker 0: JSHandle:Measuring text: "is" with font: 700 56px Lohit Devanagari, Samyak Devanagari, Roboto, Arial, sans-serif, 46.703125
Worker 0: JSHandle:Measuring text: "dangerous" with font: 700 56px Lohit Devanagari, Samyak Devanagari, Roboto, Arial, sans-serif, 286.26171875
Worker 0: JSHandle:Measuring text: "ai" with font: 700 56px Lohit Devanagari, Samyak Devanagari, Roboto, Arial, sans-serif, 46.703125
Worker 0: JSHandle:Measuring text: "is" with font: 700 56px Lohit Devanagari, Samyak Devanagari, Roboto, Arial, sans-serif, 46.703125
Worker 0: JSHandle:Measuring text: "dangerous" with font: 700 56px Lohit Devanagari, Samyak Devanagari, Roboto, Arial, sans-serif, 286.26171875
Worker 0: JSHandle:Measuring text: "ai" with font: 700 56px Lohit Devanagari, Samyak Devanagari, Roboto, Arial, sans-serif, 46.703125
Worker 0: JSHandle:Measuring text: "is" with font: 700 56px Lohit Devanagari, Samyak Devanagari, Roboto, Arial, sans-serif, 46.703125
Worker 0: JSHandle:Measuring text: "dangerous" with font: 700 56px Lohit Devanagari, Samyak Devanagari, Roboto, Arial, sans-serif, 286.26171875
Worker 0: JSHandle:Measuring text: "and" with font: 700 56px Lohit Devanagari, Samyak Devanagari, Roboto, Arial, sans-serif, 99.55859375
Worker 0: JSHandle:Measuring text: "useful" with font: 700 56px Lohit Devanagari, Samyak Devanagari, Roboto, Arial, sans-serif, 164.91015625
Worker 0: JSHandle:Measuring text: "and" with font: 700 56px Lohit Devanagari, Samyak Devanagari, Roboto, Arial, sans-serif, 99.55859375
Worker 0: JSHandle:Measuring text: "useful" with font: 700 56px Lohit Devanagari, Samyak Devanagari, Roboto, Arial, sans-serif, 164.91015625
Worker 0: JSHandle:finished downloading
Worker 0: JSHandle:i am in scene 2d
Worker 0: JSHandle:DEBUG: getWords Type:
Worker 0: JSHandle:function
Worker 0: JSHandle:Value (stringified):
Worker 0: JSHandle:"[{\"word\":\"ai\",\"start\":0,\"end\":0.372},{\"word\":\"is\",\"start\":0.441,\"end\":0.569},{\"word\":\"dangerous\",\"start\":0.627,\"end\":1.068},{\"word\":\"and\",\"start\":1.115,\"end\":1.219},{\"word\":\"useful\",\"start\":1.254,\"end\":1.672}]"
Worker 0: JSHandle:DEBUG: getAssets Type:
Worker 0: JSHandle:function
Worker 0: JSHandle:Value (stringified):
Worker 0: JSHandle:"[{\"path\":\"../public/batch_gen_1773914613568_0_54503.png\",\"type\":\"image\",\"start\":0,\"end\":1.697959}]"
Worker 0: JSHandle:DEBUG: getOptions Type:
Worker 0: JSHandle:function
Worker 0: JSHandle:Value (stringified):
Worker 0: JSHandle:"{\"subtitles\":true,\"wordsPerLine\":3,\"subtitleStyle\":{\"fontSize\":60,\"highlightColor\":\"#FF0\",\"normalColor\":\"#FFF\"},\"logoUrl\":\"logo.png\",\"audioUrl\":\"../public/audio_user_1773914603998_935nrxi9f.mp3\"}"
Worker 0: JSHandle:[Worker ?] Options:
Worker 0: JSHandle:{"subtitles":true,"wordsPerLine":3,"subtitleStyle":{"fontSize":60,"highlightColor":"#FF0","normalColor":"#FFF"},"logoUrl":"logo.png","audioUrl":"../public/audio_user_1773914603998_935nrxi9f.mp3"}
Worker 0: JSHandle:[Worker ?] Audio URL:
Worker 0: JSHandle:../public/audio_user_1773914603998_935nrxi9f.mp3
Worker 0: JSHandle:[Worker ?] Logo URL:
Worker 0: JSHandle:logo.png
Worker 0: JSHandle:DEBUG: words Type (after parse):
Worker 0: JSHandle:array
Worker 0: JSHandle:DEBUG: assets Type (after parse):
Worker 0: JSHandle:array
Worker 0: JSHandle:DEBUG: options Type (after parse):
Worker 0: JSHandle:object
Worker 0: JSHandle:Keys:
Worker 0: JSHandle@array
Worker 0: JSHandle:≡ƒæñ username:
Worker 0: JSHandle:user_1773914603998_935nrxi9f_direct_test
Worker 0: JSHandle:≡ƒô¥ words:
Worker 0: JSHandle@array
Worker 0: JSHandle:≡ƒû╝∩╕Å assets:
Worker 0: JSHandle@array
Worker 0: JSHandle:ΓÜÖ∩╕Å options:
Worker 0: JSHandle@object
Worker 0: JSHandle:Adding logo with src:
Worker 0: JSHandle:logo.png
Worker 0: JSHandle:Adding audio with src:
Worker 0: JSHandle:../public/audio_user_1773914603998_935nrxi9f.mp3
Worker 0: JSHandle:Adding image asset with src:
Worker 0: JSHandle:../public/batch_gen_1773914613568_0_54503.png
Worker 0: JSHandle:Measuring text: "ai" with font: 700 56px Lohit Devanagari, Samyak Devanagari, Roboto, Arial, sans-serif, 46.703125
Worker 0: JSHandle:Measuring text: "is" with font: 700 56px Lohit Devanagari, Samyak Devanagari, Roboto, Arial, sans-serif, 46.703125
Worker 0: JSHandle:Measuring text: "dangerous" with font: 700 56px Lohit Devanagari, Samyak Devanagari, Roboto, Arial, sans-serif, 286.26171875
[33mfiles in the public 
directory are served at the root 
path.
Instead of [36m/public/batch_gen_
1773914613568_0_54503.png[33m, 
use [36m/batch_gen_1773914613568_
0_54503.png[33m.[39m
Worker 0: JSHandle:Measuring text: "ai" with font: 700 56px Lohit Devanagari, Samyak Devanagari, Roboto, Arial, sans-serif, 46.703125
Worker 0: JSHandle:Measuring text: "is" with font: 700 56px Lohit Devanagari, Samyak Devanagari, Roboto, Arial, sans-serif, 46.703125
Worker 0: JSHandle:Measuring text: "dangerous" with font: 700 56px Lohit Devanagari, Samyak Devanagari, Roboto, Arial, sans-serif, 286.26171875
Worker 0: JSHandle:Measuring text: "ai" with font: 700 56px Lohit Devanagari, Samyak Devanagari, Roboto, Arial, sans-serif, 46.703125
Worker 0: JSHandle:Measuring text: "is" with font: 700 56px Lohit Devanagari, Samyak Devanagari, Roboto, Arial, sans-serif, 46.703125
Worker 0: JSHandle:Measuring text: "dangerous" with font: 700 56px Lohit Devanagari, Samyak Devanagari, Roboto, Arial, sans-serif, 286.26171875
Worker 0: JSHandle:Measuring text: "and" with font: 700 56px Lohit Devanagari, Samyak Devanagari, Roboto, Arial, sans-serif, 99.55859375
Worker 0: JSHandle:Measuring text: "useful" with font: 700 56px Lohit Devanagari, Samyak Devanagari, Roboto, Arial, sans-serif, 164.91015625
Worker 0: JSHandle:Measuring text: "and" with font: 700 56px Lohit Devanagari, Samyak Devanagari, Roboto, Arial, sans-serif, 99.55859375
Worker 0: JSHandle:Measuring text: "useful" with font: 700 56px Lohit Devanagari, Samyak Devanagari, Roboto, Arial, sans-serif, 164.91015625
Worker 0: JSHandle:ERROR: Error loading video: undefined, key: SCENE2/Audio2[1], reason: MEDIA_ERR_NETWORK. This might be a 404 error.
Error
    at HTMLAudioElement.onError (http://localhost:9001/node_modules/.vite/deps/@revideo_2d.js?v=1ebce85d:74321:3)
